current directory: /home/jpedro/Área de trabalho/conecta/Novo-Conecta/cms/vendor/bundle/ruby/3.4.0/gems/date-3.5.1/ext/date
/usr/bin/ruby extconf.rb
checking for rb_category_warn()... yes
checking for timezone in time.h with -Werror... yes
checking for altzone in time.h with -Werror... no
creating Makefile

current directory: /home/jpedro/Área de trabalho/conecta/Novo-Conecta/cms/vendor/bundle/ruby/3.4.0/gems/date-3.5.1/ext/date
make DESTDIR\= sitearchdir\=./.gem.20260813-11319-o64fqe sitelibdir\=./.gem.20260813-11319-o64fqe clean

current directory: /home/jpedro/Área de trabalho/conecta/Novo-Conecta/cms/vendor/bundle/ruby/3.4.0/gems/date-3.5.1/ext/date
make DESTDIR\= sitearchdir\=./.gem.20260813-11319-o64fqe sitelibdir\=./.gem.20260813-11319-o64fqe
compiling date_core.c
compiling date_parse.c
compiling date_strftime.c
compiling date_strptime.c
linking shared-object date_core.so

current directory: /home/jpedro/Área de trabalho/conecta/Novo-Conecta/cms/vendor/bundle/ruby/3.4.0/gems/date-3.5.1/ext/date
make DESTDIR\= sitearchdir\=./.gem.20260813-11319-o64fqe sitelibdir\=./.gem.20260813-11319-o64fqe install
/usr/bin/install -c -m 0755 date_core.so ./.gem.20260813-11319-o64fqe

current directory: /home/jpedro/Área de trabalho/conecta/Novo-Conecta/cms/vendor/bundle/ruby/3.4.0/gems/date-3.5.1/ext/date
make DESTDIR\= sitearchdir\=./.gem.20260813-11319-o64fqe sitelibdir\=./.gem.20260813-11319-o64fqe clean
